I'm sorry, but errors were detected in your script. Please correct the
errors listed below, and try again.


File "game/script.rpy", line 37: expected menuitem
    show screwdriver at 
    ^

Ren'Py Version: Ren'Py 7.1.3.1092
Sat Jan 19 21:34:44 2019
